
> app-temp@0.1.0 build
> next build

  Γû▓ Next.js 14.2.35

   Creating an optimized production build ...
 Γ£ô Compiled successfully
   Linting and checking validity of types ...
node.exe : 
At line:1 char:1
+ & "C:\Program 
Files\nodejs/node.exe" 
"C:\Program 
Files\nodejs/node_mo ...
+ ~~~~~~~~~~~~~~~~~~~~~~~~
~~~~~~~~~~~~~~~~~~~~~~~~~~
~~~~~~~~~~~~~~~~~~~
    + CategoryInfo        
      : NotSpecified: (:  
  String) [], RemoteExc   
 eption
    + FullyQualifiedError 
   Id : NativeCommandErr  
  or
 
Failed to compile.

./src/app/page.tsx
8:8  Error: 'Overlay' is 
defined but never used.  @
typescript-eslint/no-unuse
d-vars

./src/components/Overlay.t
sx
3:10  Error: 'useRef' is 
defined but never used.  @
typescript-eslint/no-unuse
d-vars
130:20  Error: Unexpected 
any. Specify a different 
type.  @typescript-eslint/
no-explicit-any

./src/components/ScrollyCa
nvas.tsx
4:10  Error: 'useScroll' 
is defined but never 
used.  @typescript-eslint/
no-unused-vars
17:79  Error: Unexpected 
any. Specify a different 
type.  @typescript-eslint/
no-explicit-any

info  - Need to disable 
some ESLint rules? Learn 
more here: https://nextjs.
org/docs/basic-features/es
lint#disabling-rules
